../Core/Src/main.c:152:7:PulsestoDegrees	24	static
../Core/Src/main.c:157:6:CalculateMotionProfile	16	static
../Core/Src/main.c:183:7:GetVelocityAtTime	24	static
../Core/Src/main.c:210:6:CalculateSpeed	16	static
../Core/Src/main.c:216:6:CalculatePID	296	static
../Core/Src/main.c:256:6:DriveMotor	8	static
../Core/Src/main.c:313:6:HAL_UART_RxCpltCallback	40	static
../Core/Src/main.c:336:6:HAL_GPIO_EXTI_Callback	24	static
../Core/Src/main.c:352:6:HAL_TIM_PeriodElapsedCallback	32	static
../Core/Src/main.c:371:5:main	8	static
../Core/Src/main.c:436:6:SystemClock_Config	72	static
../Core/Src/main.c:475:13:MX_TIM2_Init	64	static
../Core/Src/main.c:539:13:MX_TIM3_Init	32	static
../Core/Src/main.c:584:13:MX_USART1_UART_Init	8	static
../Core/Src/main.c:617:13:MX_GPIO_Init	32	static
../Core/Src/main.c:665:6:Error_Handler	4	static,ignoring_inline_asm
